
/home/runner/work/exp-tree-traversal-iiith/exp-tree-traversal-iiith/experiment/Commonfunctions/demo-utils.js
   15:3   warning  'togglecolors' is defined but never used          no-unused-vars
   21:5   warning  'index' is assigned a value but never used        no-unused-vars
   40:3   warning  'd3' is not defined                               no-undef
   87:5   warning  'd3' is not defined                               no-undef
  108:3   warning  'd3' is not defined                               no-undef
  137:3   warning  'd3' is not defined                               no-undef
  200:7   warning  'linkWrapper' is assigned a value but never used  no-unused-vars
  227:3   warning  'd3' is not defined                               no-undef
  238:7   warning  'animX' is assigned a value but never used        no-unused-vars
  253:10  warning  'dft' is defined but never used                   no-unused-vars
  297:3   warning  'd3' is not defined                               no-undef
  312:14  warning  'animX1' is assigned to itself                    no-self-assign

/home/runner/work/exp-tree-traversal-iiith/exp-tree-traversal-iiith/experiment/Commonfunctions/exercise-utils.js
   58:3   warning  'd3' is not defined                                 no-undef
   82:7   warning  'textTraversal' is assigned a value but never used  no-unused-vars
   83:3   warning  'd3' is not defined                                 no-undef
   88:5   warning  'd3' is not defined                                 no-undef
  178:9   warning  'lastNodeName' is assigned a value but never used   no-unused-vars
  182:20  warning  'd3' is not defined                                 no-undef
  195:3   warning  'd3' is not defined                                 no-undef
  209:3   warning  'd3' is not defined                                 no-undef
  278:7   warning  'linkWrapper' is assigned a value but never used    no-unused-vars
  304:3   warning  'd3' is not defined                                 no-undef
  316:7   warning  'animX' is assigned a value but never used          no-unused-vars
  351:5   warning  'animX1' is assigned a value but never used         no-unused-vars

/home/runner/work/exp-tree-traversal-iiith/exp-tree-traversal-iiith/experiment/Commonfunctions/practice-utils.js
    7:10  warning  'togglecolors' is defined but never used            no-unused-vars
   26:9   warning  'textTraversal' is assigned a value but never used  no-unused-vars
   27:5   warning  'd3' is not defined                                 no-undef
   28:15  warning  'd3' is not defined                                 no-undef
  115:3   warning  'd3' is not defined                                 no-undef
  168:7   warning  'linkWrapper' is assigned a value but never used    no-unused-vars
  181:3   warning  'd3' is not defined                                 no-undef
  189:3   warning  'd3' is not defined                                 no-undef
  194:8   warning  'd3' is not defined                                 no-undef
  210:9   warning  'animX' is assigned a value but never used          no-unused-vars
  229:5   warning  'animX1' is assigned a value but never used         no-unused-vars

/home/runner/work/exp-tree-traversal-iiith/exp-tree-traversal-iiith/experiment/breadth-first-traversal/simulation/assets/js/iframeResize.js
   1:40  warning  'ob' is defined but never used                                             no-unused-vars
   3:1   warning  Mixed spaces and tabs                                                      no-mixed-spaces-and-tabs
   4:1   warning  Mixed spaces and tabs                                                      no-mixed-spaces-and-tabs
   5:2   warning  Mixed spaces and tabs                                                      no-mixed-spaces-and-tabs
   6:1   warning  Mixed spaces and tabs                                                      no-mixed-spaces-and-tabs
  23:16  warning  Do not access Object.prototype method 'hasOwnProperty' from target object  no-prototype-builtins
  26:1   warning  Mixed spaces and tabs                                                      no-mixed-spaces-and-tabs

/home/runner/work/exp-tree-traversal-iiith/exp-tree-traversal-iiith/experiment/breadth-first-traversal/simulation/js/data.js
  14:1  warning  Mixed spaces and tabs  no-mixed-spaces-and-tabs

/home/runner/work/exp-tree-traversal-iiith/exp-tree-traversal-iiith/experiment/breadth-first-traversal/simulation/js/globalvariables.js
  12:19  warning  'd3' is not defined    no-undef
  13:7   warning  'd3' is not defined    no-undef
  18:8   warning  Unnecessary semicolon  no-extra-semi
  19:2   warning  Unnecessary semicolon  no-extra-semi

/home/runner/work/exp-tree-traversal-iiith/exp-tree-traversal-iiith/experiment/breadth-first-traversal/simulation/js/main-demo.js
    3:10  warning  'togglecolors' is defined but never used          no-unused-vars
    5:10  warning  'change' is defined but never used                no-unused-vars
   20:11  warning  'd3' is not defined                               no-undef
   47:9   warning  'd3' is not defined                               no-undef
   48:9   warning  'i' is read-only                                  no-import-assign
   63:5   warning  'd3' is not defined                               no-undef
   94:9   warning  'd3' is not defined                               no-undef
  151:9   warning  'linkWrapper' is assigned a value but never used  no-unused-vars
  175:5   warning  'd3' is not defined                               no-undef
  188:9   warning  'animX' is assigned a value but never used        no-unused-vars
  206:10  warning  'dft' is defined but never used                   no-unused-vars
  241:1   warning  'd3' is not defined                               no-undef
  255:18  warning  'animX1' is assigned to itself                    no-self-assign

/home/runner/work/exp-tree-traversal-iiith/exp-tree-traversal-iiith/experiment/breadth-first-traversal/simulation/js/realization.js
    1:5  warning  'realizationCatalog' is assigned a value but never used  no-unused-vars
  121:3  warning  Duplicate key 'Traversal Video Introduction'             no-dupe-keys
  126:3  warning  Duplicate key 'Basics of DFT'                            no-dupe-keys
  131:3  warning  Duplicate key 'Basics of BFT'                            no-dupe-keys

/home/runner/work/exp-tree-traversal-iiith/exp-tree-traversal-iiith/experiment/breadth-first-traversal/simulation/js/traversals-demo.js
   7:10  warning  'animX1' is assigned a value but never used  no-unused-vars
  18:7   warning  'animX1' is assigned a value but never used  no-unused-vars
  29:9   warning  'animX1' is assigned a value but never used  no-unused-vars

/home/runner/work/exp-tree-traversal-iiith/exp-tree-traversal-iiith/experiment/breadth-first-traversal/simulation/js/traversals.js
  33:5  warning  'animX1' is not defined          no-undef
  34:5  warning  'resetTraversal' is not defined  no-undef
  44:3  warning  'animX1' is not defined          no-undef
  45:3  warning  'resetTraversal' is not defined  no-undef
  55:5  warning  'animX1' is not defined          no-undef
  56:5  warning  'resetTraversal' is not defined  no-undef

/home/runner/work/exp-tree-traversal-iiith/exp-tree-traversal-iiith/experiment/depth-first-traversal/simulation/assets/js/iframeResize.js
   1:40  warning  'ob' is defined but never used                                             no-unused-vars
   3:1   warning  Mixed spaces and tabs                                                      no-mixed-spaces-and-tabs
   4:1   warning  Mixed spaces and tabs                                                      no-mixed-spaces-and-tabs
   5:2   warning  Mixed spaces and tabs                                                      no-mixed-spaces-and-tabs
   6:1   warning  Mixed spaces and tabs                                                      no-mixed-spaces-and-tabs
  23:16  warning  Do not access Object.prototype method 'hasOwnProperty' from target object  no-prototype-builtins
  26:1   warning  Mixed spaces and tabs                                                      no-mixed-spaces-and-tabs

/home/runner/work/exp-tree-traversal-iiith/exp-tree-traversal-iiith/experiment/depth-first-traversal/simulation/js/data.js
  14:1  warning  Mixed spaces and tabs  no-mixed-spaces-and-tabs

/home/runner/work/exp-tree-traversal-iiith/exp-tree-traversal-iiith/experiment/depth-first-traversal/simulation/js/globalvariables.js
  12:19  warning  'd3' is not defined    no-undef
  13:7   warning  'd3' is not defined    no-undef
  18:8   warning  Unnecessary semicolon  no-extra-semi
  19:2   warning  Unnecessary semicolon  no-extra-semi

/home/runner/work/exp-tree-traversal-iiith/exp-tree-traversal-iiith/experiment/depth-first-traversal/simulation/js/realization.js
    1:5  warning  'realizationCatalog' is assigned a value but never used  no-unused-vars
  121:3  warning  Duplicate key 'Traversal Video Introduction'             no-dupe-keys
  126:3  warning  Duplicate key 'Basics of DFT'                            no-dupe-keys
  131:3  warning  Duplicate key 'Basics of BFT'                            no-dupe-keys

/home/runner/work/exp-tree-traversal-iiith/exp-tree-traversal-iiith/experiment/depth-first-traversal/simulation/js/traversals-demo.js
   7:10  warning  'animX1' is assigned a value but never used  no-unused-vars
  18:7   warning  'animX1' is assigned a value but never used  no-unused-vars
  29:9   warning  'animX1' is assigned a value but never used  no-unused-vars

/home/runner/work/exp-tree-traversal-iiith/exp-tree-traversal-iiith/experiment/depth-first-traversal/simulation/js/traversals.js
   1:10  warning  'resetTraversal' is defined but never used   no-unused-vars
  30:7   warning  'animX1' is assigned a value but never used  no-unused-vars
  39:7   warning  'animX1' is assigned a value but never used  no-unused-vars
  48:7   warning  'animX1' is assigned a value but never used  no-unused-vars

/home/runner/work/exp-tree-traversal-iiith/exp-tree-traversal-iiith/experiment/depth-first-traversal/simulation/js/treeExercise.js
   11:3   warning  'textTraversal' is not defined                    no-undef
   12:3   warning  'd3' is not defined                               no-undef
   13:3   warning  'svg' is not defined                              no-undef
   13:9   warning  'd3' is not defined                               no-undef
   19:7   warning  'tree_traversal' is not defined                   no-undef
   20:9   warning  'tree_traversal' is not defined                   no-undef
   21:9   warning  'tree_traversal' is not defined                   no-undef
   25:7   warning  'tree_traversal' is not defined                   no-undef
   26:9   warning  'tree_traversal' is not defined                   no-undef
   27:9   warning  'tree_traversal' is not defined                   no-undef
   34:9   warning  'tree_traversal' is not defined                   no-undef
   36:9   warning  'tree_traversal' is not defined                   no-undef
   40:21  warning  'treeData' is not defined                         no-undef
   42:3   warning  'root' is not defined                             no-undef
   42:10  warning  'treeData' is not defined                         no-undef
   43:10  warning  'treeData' is not defined                         no-undef
   44:22  warning  'root' is not defined                             no-undef
   45:51  warning  'tree_traversal' is not defined                   no-undef
   46:44  warning  'preorder' is not defined                         no-undef
   51:3   warning  'tree_traversal' is not defined                   no-undef
   52:25  warning  'tree_traversal' is not defined                   no-undef
   55:5   warning  'tree_traversal' is not defined                   no-undef
   60:3   warning  'tree_traversal' is not defined                   no-undef
   71:7   warning  'tree_traversal' is not defined                   no-undef
   72:10  warning  'i' is not defined                                no-undef
   72:17  warning  'i' is not defined                                no-undef
   72:21  warning  'tree_traversal' is not defined                   no-undef
   72:57  warning  'i' is not defined                                no-undef
   74:9   warning  'tree_traversal' is not defined                   no-undef
   74:37  warning  'i' is not defined                                no-undef
   77:5   warning  'tree_traversal' is not defined                   no-undef
   79:3   warning  'tree_traversal' is not defined                   no-undef
   80:3   warning  'tree_traversal' is not defined                   no-undef
   81:3   warning  'index' is not defined                            no-undef
   84:3   warning  'd3' is not defined                               no-undef
   86:15  warning  'tree_traversal' is not defined                   no-undef
  108:10  warning  'submit' is defined but never used                no-unused-vars
  115:46  warning  'tree_traversal' is not defined                   no-undef
  117:7   warning  'index' is not defined                            no-undef
  117:16  warning  'tree_traversal' is not defined                   no-undef
  118:9   warning  'tree_traversal' is not defined                   no-undef
  138:7   warning  'tree_traversal' is not defined                   no-undef
  142:3   warning  'index' is not defined                            no-undef
  144:48  warning  'tree_traversal' is not defined                   no-undef
  144:77  warning  'index' is not defined                            no-undef
  144:95  warning  'index' is not defined                            no-undef
  146:7   warning  'index' is not defined                            no-undef
  146:16  warning  'tree_traversal' is not defined                   no-undef
  148:24  warning  'tree_traversal' is not defined                   no-undef
  148:53  warning  'index' is not defined                            no-undef
  149:5   warning  'tree_traversal' is not defined                   no-undef
  159:15  warning  'tree_traversal' is not defined                   no-undef
  160:13  warning  'tree_traversal' is not defined                   no-undef
  164:16  warning  'svg' is not defined                              no-undef
  169:32  warning  'i' is not defined                                no-undef
  191:11  warning  'i' is not defined                                no-undef
  211:7   warning  'linkWrapper' is assigned a value but never used  no-unused-vars
  211:21  warning  'svg' is not defined                              no-undef
  237:3   warning  'd3' is not defined                               no-undef
  241:8   warning  'tree_traversal' is not defined                   no-undef
  241:37  warning  'index' is not defined                            no-undef
  243:3   warning  'd3' is not defined                               no-undef
  245:15  warning  'tree_traversal' is not defined                   no-undef
  246:12  warning  'tree_traversal' is not defined                   no-undef
  250:5   warning  'd3' is not defined                               no-undef
  253:12  warning  'tree_traversal' is not defined                   no-undef
  256:3   warning  'tree_traversal' is not defined                   no-undef
  265:3   warning  'tree_traversal' is not defined                   no-undef
  267:7   warning  'animX' is assigned a value but never used        no-unused-vars
  268:14  warning  'root' is not defined                             no-undef
  272:5   warning  'tree_traversal' is not defined                   no-undef
  273:17  warning  'tree_traversal' is not defined                   no-undef
  281:5   warning  'animX1' is assigned a value but never used       no-unused-vars
  283:10  warning  'recursiveInorder' is defined but never used      no-unused-vars
  286:5   warning  'tree_traversal' is not defined                   no-undef
  287:27  warning  'tree_traversal' is not defined                   no-undef
  291:10  warning  'recursivePreorder' is defined but never used     no-unused-vars
  294:5   warning  'tree_traversal' is not defined                   no-undef
  299:10  warning  'recursivePostorder' is defined but never used    no-unused-vars
  304:5   warning  'tree_traversal' is not defined                   no-undef
  308:10  warning  'generateG' is defined but never used             no-unused-vars
  311:44  warning  'preorder' is not defined                         no-undef
  314:10  warning  'reset' is defined but never used                 no-unused-vars
  316:44  warning  'preorder' is not defined                         no-undef

/home/runner/work/exp-tree-traversal-iiith/exp-tree-traversal-iiith/experiment/depth-first-traversal/simulation/js/treePractice.js
    1:10   warning  'change' is defined but never used                  no-unused-vars
    6:55   warning  'inorder' is not defined                            no-undef
    7:56   warning  'preorder' is not defined                           no-undef
    8:57   warning  'postorder' is not defined                          no-undef
   14:5    warning  'textTraversal' is not defined                      no-undef
   15:5    warning  'd3' is not defined                                 no-undef
   16:5    warning  'svg' is not defined                                no-undef
   16:11   warning  'd3' is not defined                                 no-undef
   18:20   warning  'tree_traversal' is not defined                     no-undef
   18:43   warning  'tree_traversal' is not defined                     no-undef
   18:73   warning  'tree_traversal' is not defined                     no-undef
   19:21   warning  'tree_traversal' is not defined                     no-undef
   19:45   warning  'tree_traversal' is not defined                     no-undef
   19:73   warning  'tree_traversal' is not defined                     no-undef
   22:39   warning  'tree_traversal' is not defined                     no-undef
   22:74   warning  'tree_traversal' is not defined                     no-undef
   24:20   warning  'treeData' is not defined                           no-undef
   26:5    warning  'root' is not defined                               no-undef
   26:11   warning  'treeData' is not defined                           no-undef
   27:12   warning  'treeData' is not defined                           no-undef
   29:6    warning  'tree_traversal' is not defined                     no-undef
   31:57   warning  'inorder' is not defined                            no-undef
   32:58   warning  'preorder' is not defined                           no-undef
   33:59   warning  'postorder' is not defined                          no-undef
   36:3    warning  'tree_traversal' is not defined                     no-undef
   41:1    warning  'tree_traversal' is not defined                     no-undef
   43:6    warning  'tree_traversal' is not defined                     no-undef
   49:3    warning  'index' is not defined                              no-undef
   50:6    warning  'index' is not defined                              no-undef
   50:14   warning  'tree_traversal' is not defined                     no-undef
   55:19   warning  'tree_traversal' is not defined                     no-undef
   55:48   warning  'index' is not defined                              no-undef
   57:8    warning  'tree_traversal' is not defined                     no-undef
   57:37   warning  'index' is not defined                              no-undef
   60:9    warning  'traversaltype' is assigned a value but never used  no-unused-vars
   61:115  warning  'tree_traversal' is not defined                     no-undef
   61:144  warning  'index' is not defined                              no-undef
   62:5    warning  'tree_traversal' is not defined                     no-undef
   63:5    warning  'index' is not defined                              no-undef
   90:6    warning  'tree_traversal' is not defined                     no-undef
   92:9    warning  'i' is not defined                                  no-undef
   92:13   warning  'i' is not defined                                  no-undef
   92:15   warning  'tree_traversal' is not defined                     no-undef
   92:50   warning  'i' is not defined                                  no-undef
   94:31   warning  'tree_traversal' is not defined                     no-undef
   94:59   warning  'i' is not defined                                  no-undef
   96:5    warning  'tree_traversal' is not defined                     no-undef
   98:3    warning  'tree_traversal' is not defined                     no-undef
   99:3    warning  'tree_traversal' is not defined                     no-undef
  100:3    warning  'index' is not defined                              no-undef
  103:3    warning  'd3' is not defined                                 no-undef
  104:26   warning  'tree_traversal' is not defined                     no-undef
  131:15   warning  'tree_traversal' is not defined                     no-undef
  132:11   warning  'tree_traversal' is not defined                     no-undef
  134:16   warning  'svg' is not defined                                no-undef
  135:54   warning  'i' is not defined                                  no-undef
  147:9    warning  'i' is not defined                                  no-undef
  156:7    warning  'linkWrapper' is assigned a value but never used    no-unused-vars
  156:21   warning  'svg' is not defined                                no-undef
  169:3    warning  'd3' is not defined                                 no-undef
  174:8    warning  'tree_traversal' is not defined                     no-undef
  174:37   warning  'index' is not defined                              no-undef
  177:3    warning  'd3' is not defined                                 no-undef
  178:28   warning  'tree_traversal' is not defined                     no-undef
  178:63   warning  'tree_traversal' is not defined                     no-undef
  182:8    warning  'd3' is not defined                                 no-undef
  183:12   warning  'tree_traversal' is not defined                     no-undef
  185:3    warning  'tree_traversal' is not defined                     no-undef
  196:5    warning  'tree_traversal' is not defined                     no-undef
  198:9    warning  'animX' is assigned a value but never used          no-unused-vars
  199:16   warning  'root' is not defined                               no-undef
  204:9    warning  'tree_traversal' is not defined                     no-undef
  205:21   warning  'tree_traversal' is not defined                     no-undef
  218:5    warning  'animX1' is assigned a value but never used         no-unused-vars
  219:10   warning  'recursiveInorder' is defined but never used        no-unused-vars
  223:4    warning  'tree_traversal' is not defined                     no-undef
  224:25   warning  'tree_traversal' is not defined                     no-undef
  231:10   warning  'recursivePreorder' is defined but never used       no-unused-vars
  236:5    warning  'tree_traversal' is not defined                     no-undef
  243:10   warning  'recursivePostorder' is defined but never used      no-unused-vars
  252:6    warning  'tree_traversal' is not defined                     no-undef
  258:10   warning  'generateG' is defined but never used               no-unused-vars

✖ 262 problems (0 errors, 262 warnings)
  0 errors and 4 warnings potentially fixable with the `--fix` option.

